<html>
<body>
<pre>
<h1>µVision Build Log</h1>
<h2>Project:</h2>
C:\Keil_v5\Labware\Lab10_TrafficLight\Lab10.uvproj
Project File Date:  07/09/2018

<h2>Output:</h2>
Build target 'Lab10'
compiling TableTrafficLight.c...
linking...
Program Size: Code=4396 RO-data=14736 RW-data=68 ZI-data=1756  
".\Lab10.axf" - 0 Error(s), 0 Warning(s).
leTrafficLight.c: 1 warning, 0 errors
linking...
Program Size: Code=4220 RO-data=14296 RW-data=68 ZI-data=1756  
".\Lab10.axf" - 0 Error(s), 1 Warning(s).
- 1 Error(s), 1 Warning(s).
Target not created
arget not created
ht.c: 2 warnings, 1 error
".\Lab10.axf" - 1 Error(s), 2 Warning(s).
Target not created
created
cLight.c(29): warning:  #47-D: incompatible redefinition of macro "GPIO_PORTF_AFSEL_R" (declared at line 710 of "..\tm4c123gh6pm.h")
  #define GPIO_PORTF_AFSEL_R    (*((volatile unsigned long*)0x40025420))
TableTrafficLight.c(30): warning:  #47-D: incompatible redefinition of macro "GPIO_PORTF_PUR_R" (declared at line 715 of "..\tm4c123gh6pm.h")
  #define GPIO_PORTF_PUR_R      (*((volatile unsigned long*)0x40025510))
TableTrafficLight.c(31): warning:  #47-D: incompatible redefinition of macro "GPIO_PORTF_DEN_R" (declared at line 718 of "..\tm4c123gh6pm.h")
  #define GPIO_PORTF_DEN_R      (*((volatile unsigned long*)0x4002551C))
TableTrafficLight.c(32): warning:  #47-D: incompatible redefinition of macro "GPIO_PORTF_LOCK_R" (declared at line 719 of "..\tm4c123gh6pm.h")
  #define GPIO_PORTF_LOCK_R     (*((volatile unsigned long*)0x40025520))
TableTrafficLight.c(33): warning:  #47-D: incompatible redefinition of macro "GPIO_PORTF_CR_R" (declared at line 720 of "..\tm4c123gh6pm.h")
  #define GPIO_PORTF_CR_R       (*((volatile unsigned long*)0x40025524))
TableTrafficLight.c(34): warning:  #47-D: incompatible redefinition of macro "GPIO_PORTF_AMSEL_R" (declared at line 721 of "..\tm4c123gh6pm.h")
  #define GPIO_PORTF_AMSEL_R    (*((volatile unsigned long*)0x40025528))
TableTrafficLight.c(35): warning:  #47-D: incompatible redefinition of macro "GPIO_PORTF_PCTL_R" (declared at line 722 of "..\tm4c123gh6pm.h")
  #define GPIO_PORTF_PCTL_R     (*((volatile unsigned long*)0x4002552C))
TableTrafficLight.c(37): warning:  #47-D: incompatible redefinition of macro "GPIO_PORTB_DATA_R" (declared at line 193 of "..\tm4c123gh6pm.h")
  #define GPIO_PORTB_DATA_R     (*((volatile unsigned long*)0x400053FC))
TableTrafficLight.c(38): warning:  #47-D: incompatible redefinition of macro "GPIO_PORTB_DIR_R" (declared at line 194 of "..\tm4c123gh6pm.h")
  #define GPIO_PORTB_DIR_R      (*((volatile unsigned long*)0x40005400))
TableTrafficLight.c(39): warning:  #47-D: incompatible redefinition of macro "GPIO_PORTB_AFSEL_R" (declared at line 202 of "..\tm4c123gh6pm.h")
  #define GPIO_PORTB_AFSEL_R    (*((volatile unsigned long*)0x40005420))
TableTrafficLight.c(40): warning:  #47-D: incompatible redefinition of macro "GPIO_PORTB_PUR_R" (declared at line 207 of "..\tm4c123gh6pm.h")
  #define GPIO_PORTB_PUR_R      (*((volatile unsigned long*)0x40005510))
TableTrafficLight.c(41): warning:  #47-D: incompatible redefinition of macro "GPIO_PORTB_DEN_R" (declared at line 210 of "..\tm4c123gh6pm.h")
  #define GPIO_PORTB_DEN_R      (*((volatile unsigned long*)0x4000551C))
TableTrafficLight.c(42): warning:  #47-D: incompatible redefinition of macro "GPIO_PORTB_LOCK_R" (declared at line 211 of "..\tm4c123gh6pm.h")
  #define GPIO_PORTB_LOCK_R     (*((volatile unsigned long*)0x40005520))
TableTrafficLight.c(43): warning:  #47-D: incompatible redefinition of macro "GPIO_PORTB_CR_R" (declared at line 212 of "..\tm4c123gh6pm.h")
  #define GPIO_PORTB_CR_R       (*((volatile unsigned long*)0x40005524))
TableTrafficLight.c(44): warning:  #47-D: incompatible redefinition of macro "GPIO_PORTB_AMSEL_R" (declared at line 213 of "..\tm4c123gh6pm.h")
  #define GPIO_PORTB_AMSEL_R    (*((volatile unsigned long*)0x40005528))
TableTrafficLight.c(45): warning:  #47-D: incompatible redefinition of macro "GPIO_PORTB_PCTL_R" (declared at line 214 of "..\tm4c123gh6pm.h")
  #define GPIO_PORTB_PCTL_R     (*((volatile unsigned long*)0x4000552C))
TableTrafficLight.c(47): warning:  #47-D: incompatible redefinition of macro "GPIO_PORTE_DATA_R" (declared at line 670 of "..\tm4c123gh6pm.h")
  #define GPIO_PORTE_DATA_R     (*((volatile unsigned long*)0x400243FC))
TableTrafficLight.c(48): warning:  #47-D: incompatible redefinition of macro "GPIO_PORTE_DIR_R" (declared at line 671 of "..\tm4c123gh6pm.h")
  #define GPIO_PORTE_DIR_R      (*((volatile unsigned long*)0x40024400))
TableTrafficLight.c(49): warning:  #47-D: incompatible redefinition of macro "GPIO_PORTE_AFSEL_R" (declared at line 679 of "..\tm4c123gh6pm.h")
  #define GPIO_PORTE_AFSEL_R    (*((volatile unsigned long*)0x40024420))
TableTrafficLight.c(50): warning:  #47-D: incompatible redefinition of macro "GPIO_PORTE_PUR_R" (declared at line 684 of "..\tm4c123gh6pm.h")
  #define GPIO_PORTE_PUR_R      (*((volatile unsigned long*)0x40024510))
TableTrafficLight.c(51): warning:  #47-D: incompatible redefinition of macro "GPIO_PORTE_DEN_R" (declared at line 687 of "..\tm4c123gh6pm.h")
  #define GPIO_PORTE_DEN_R      (*((volatile unsigned long*)0x4002451C))
TableTrafficLight.c(52): warning:  #47-D: incompatible redefinition of macro "GPIO_PORTE_LOCK_R" (declared at line 688 of "..\tm4c123gh6pm.h")
  #define GPIO_PORTE_LOCK_R     (*((volatile unsigned long*)0x40024520))
TableTrafficLight.c(53): warning:  #47-D: incompatible redefinition of macro "GPIO_PORTE_CR_R" (declared at line 689 of "..\tm4c123gh6pm.h")
  #define GPIO_PORTE_CR_R       (*((volatile unsigned long*)0x40024524))
TableTrafficLight.c(54): warning:  #47-D: incompatible redefinition of macro "GPIO_PORTE_AMSEL_R" (declared at line 690 of "..\tm4c123gh6pm.h")
  #define GPIO_PORTE_AMSEL_R    (*((volatile unsigned long*)0x40024528))
TableTrafficLight.c(55): warning:  #47-D: incompatible redefinition of macro "GPIO_PORTE_PCTL_R" (declared at line 691 of "..\tm4c123gh6pm.h")
  #define GPIO_PORTE_PCTL_R     (*((volatile unsigned long*)0x4002452C))
TableTrafficLight.c(57): warning:  #47-D: incompatible redefinition of macro "SYSCTL_RCGC2_R" (declared at line 2059 of "..\tm4c123gh6pm.h")
  #define SYSCTL_RCGC2_R        (*((volatile unsigned long*)0x400FE108))
TableTrafficLight.c(59): warning:  #47-D: incompatible redefinition of macro "NVIC_ST_CTRL_R" (declared at line 2218 of "..\tm4c123gh6pm.h")
  #define NVIC_ST_CTRL_R        (*((volatile unsigned long*)0xE000E010))
TableTrafficLight.c(60): warning:  #47-D: incompatible redefinition of macro "NVIC_ST_RELOAD_R" (declared at line 2219 of "..\tm4c123gh6pm.h")
  #define NVIC_ST_RELOAD_R      (*((volatile unsigned long*)0xE000E014))
TableTrafficLight.c(61): warning:  #47-D: incompatible redefinition of macro "NVIC_ST_CURRENT_R" (declared at line 2220 of "..\tm4c123gh6pm.h")
  #define NVIC_ST_CURRENT_R     (*((volatile unsigned long*)0xE000E018))
TableTrafficLight.c(93): error:  #29: expected an expression
        {}
TableTrafficLight.c(97): error:  #65: expected a ";"
  int main(void){ 
TableTrafficLight.c(127): warning:  #12-D: parsing restarts here after previous syntax error
      GPIO_PORTB_DIR_R |= 0x3F;       // 5) PB5-PB0 are outputs
TableTrafficLight.c(128): error:  #40: expected an identifier
      GPIO_PORTB_AFSEL_R = 0x00;      // 6) disable alternate function
TableTrafficLight.c(128): error:  #18: expected a ")"
      GPIO_PORTB_AFSEL_R = 0x00;      // 6) disable alternate function
TableTrafficLight.c(129): error:  #40: expected an identifier
      GPIO_PORTB_PUR_R = 0x00;        // disable pull-up resistor
TableTrafficLight.c(129): error:  #18: expected a ")"
      GPIO_PORTB_PUR_R = 0x00;        // disable pull-up resistor
TableTrafficLight.c(130): error:  #40: expected an identifier
      GPIO_PORTB_DEN_R |= 0x3F;       // 7) enable digital I/O on PB5-PB0
TableTrafficLight.c(130): error:  #18: expected a ")"
      GPIO_PORTB_DEN_R |= 0x3F;       // 7) enable digital I/O on PB5-PB0
TableTrafficLight.c(130): error:  #65: expected a ";"
      GPIO_PORTB_DEN_R |= 0x3F;       // 7) enable digital I/O on PB5-PB0
TableTrafficLight.c(132): error:  #40: expected an identifier
      GPIO_PORTE_LOCK_R = 0x4C4F434B; // 2) unlock GPIO Port E
TableTrafficLight.c(132): error:  #18: expected a ")"
      GPIO_PORTE_LOCK_R = 0x4C4F434B; // 2) unlock GPIO Port E
TableTrafficLight.c(132): error:  #144: a value of type "int" cannot be used to initialize an entity of type "int *"
      GPIO_PORTE_LOCK_R = 0x4C4F434B; // 2) unlock GPIO Port E
TableTrafficLight.c(133): error:  #40: expected an identifier
      GPIO_PORTE_CR_R |= 0x07;        // allow changes to PE2-PE0
TableTrafficLight.c(133): error:  #18: expected a ")"
      GPIO_PORTE_CR_R |= 0x07;        // allow changes to PE2-PE0
TableTrafficLight.c(133): error:  #65: expected a ";"
      GPIO_PORTE_CR_R |= 0x07;        // allow changes to PE2-PE0
TableTrafficLight.c(134): error:  #40: expected an identifier
      GPIO_PORTE_AMSEL_R = 0x00;      // 3) disable analog function
TableTrafficLight.c(134): error:  #18: expected a ")"
      GPIO_PORTE_AMSEL_R = 0x00;      // 3) disable analog function
TableTrafficLight.c(135): error:  #40: expected an identifier
      GPIO_PORTE_PCTL_R = 0x00;       // 4) PCTL GPIO on PE2-PE0
TableTrafficLight.c(135): error:  #18: expected a ")"
      GPIO_PORTE_PCTL_R = 0x00;       // 4) PCTL GPIO on PE2-PE0
TableTrafficLight.c(136): error:  #40: expected an identifier
      GPIO_PORTE_DIR_R = 0x00;        // 5) PE2-PE0 are inputs
TableTrafficLight.c(136): error:  #18: expected a ")"
      GPIO_PORTE_DIR_R = 0x00;        // 5) PE2-PE0 are inputs
TableTrafficLight.c(137): error:  #40: expected an identifier
      GPIO_PORTE_AFSEL_R = 0x00;      // 6) disable alternate function
TableTrafficLight.c(137): error:  #18: expected a ")"
      GPIO_PORTE_AFSEL_R = 0x00;      // 6) disable alternate function
TableTrafficLight.c(138): error:  #40: expected an identifier
      GPIO_PORTE_PUR_R = 0x00;        // disable pull-up resistor
TableTrafficLight.c(138): error:  #18: expected a ")"
      GPIO_PORTE_PUR_R = 0x00;        // disable pull-up resistor
TableTrafficLight.c(139): error:  #40: expected an identifier
      GPIO_PORTE_DEN_R |= 0x07;       // 7) enable digital I/O on PE2-PE0
TableTrafficLight.c(139): error:  #18: expected a ")"
      GPIO_PORTE_DEN_R |= 0x07;       // 7) enable digital I/O on PE2-PE0
TableTrafficLight.c(139): error:  #65: expected a ";"
      GPIO_PORTE_DEN_R |= 0x07;       // 7) enable digital I/O on PE2-PE0
TableTrafficLight.c(140): error:  #169: expected a declaration
  }
TableTrafficLight.c(184): warning:  #1-D: last line of file ends without a newline
  }
TableTrafficLight.c(184): warning: At end of source:  #12-D: parsing restarts here after previous syntax error
TableTrafficLight.c: 34 warnings, 29 errors
".\Lab10.axf" - 29 Error(s), 34 Warning(s).
Target not created
